==============================================================================
triPilot DoD 검증 — 기준선 v11 §12 · 전체 26항목 (판정: 자동 20 · 아키텍처 4 · 측정 2)
==============================================================================
  #  항목                                                   판정     근거      결과
 1 외부 일정을 받아 저장하고 최신 버전을 반환한다                           자동     2/2     통과
 2 예약 시간 충돌·이동 여유·예산·동행 조건을 코드로 판정한다                    자동     8/8     통과
 3 불가능한 일정을 이유와 완화 조건을 붙여 거절한다                          자동     3/3     통과
 4 모든 판정 근거에 출처와 확인 시각이 붙는다                             자동     4/4     통과
 5 대체 소스로 값을 내고, 대체까지 안 되면 멈춘다(결정 15)                   자동     3/3     통과
 6 다음 확인 시점이 도래하면 시스템이 Case 를 만든다                       자동     2/2     통과
 7 재계획하고 재검증을 통과한 뒤에만 통지한다                              자동     2/2     통과
 8 다시 요청하면 되돌리거나 제시했던 다른 안으로 바꾼다                        자동     3/3     통과
 9 되돌림 후에도 이력이 남는다(append-only)                         자동     2/2     통과
10 자동 처리 한계에서 근거를 붙여 사람에게 넘긴다                           자동     3/3     통과
11 다른 여행의 상태에 접근할 수 없다                                  자동     3/3     통과
12 같은 변경을 두 번 받아도 일정이 두 번 바뀌지 않는다                       자동     3/3     통과
13 Team 이 side effect 를 직접 실행하지 않는다                     아키텍처   3/3     통과
14* 실제 공급자에는 자동 실행이 걸리지 않는다                              아키텍처   3/3     통과
15* 자동 실행 분기는 tier=='simulated' 에서만 열린다                  아키텍처   5/5     통과
16* 업체 건은 실행하지 않고 변경 링크를 만든다                             자동     2/2     통과
17* 변경 링크에 바뀔 항목·대안·차액이 들어 있다                            자동     2/2     통과
18* (시연) 위임 범위를 벗어난 자동 실행이 0건                            측정     3/3     통과
19* (시연) 위임을 철회하면 진행 중인 자동 실행이 멈춘다                       자동     3/3     통과
20* (시연) 자동 실행에 무엇을·왜·얼마에·되돌림 기한이 기록된다                   자동     2/2     통과
21* (시연) 되돌림이 실패하면 사람에게 넘어간다                             자동     4/4     통과
22 평가 시나리오에서 필수 조건 위반 0건                                측정     2/2     통과
23 등록된 모든 Team 에 도달하는 issue_code 접두가 있다                 아키텍처   3/3     통과
24 한 Case 에서 대상 객체가 다른 제안 둘이 각각 저장된다                    자동     2/2     통과
25 알림을 못 받아도 링크에서 최신 버전과 「무엇이 왜 바뀌었나」를 본다               자동     2/2     통과
26 때가 되면 어디로·언제·어떻게 가는지 안내가 나가고, 두 번 나가지 않는다            자동     3/3     통과
------------------------------------------------------------------------------
통과 26/26 = 100% · 미통과 0 · 미측정 0 · 시험 없음 0
★분모는 v11 §12 의 전체 26항목다. **미측정은 통과로도 실패로도 세지 않는다** — 무엇이 왜 미측정인지는 `--list` 가 적는다.
참고 — MVP 판정(14~21 제외) 18/18 = 100%
