
[WebServer] (node:21940) Warning: The 'NO_COLOR' env is ignored due to the 'FORCE_COLOR' env being set.
[WebServer] (Use `node --trace-warnings ...` to show where the warning was created)
[WebServer] (node:19076) [DEP0190] DeprecationWarning: Passing args to a child process with shell option true can lead to security vulnerabilities, as the arguments are not escaped, only concatenated.
[WebServer] (Use `node --trace-deprecation ...` to show where the warning was created)

[WebServer] (node:20712) Warning: The 'NO_COLOR' env is ignored due to the 'FORCE_COLOR' env being set.

[WebServer] (Use `node --trace-warnings ...` to show where the warning was created)

[WebServer] (node:20616) Warning: The 'NO_COLOR' env is ignored due to the 'FORCE_COLOR' env being set.
[WebServer] (Use `node --trace-warnings ...` to show where the warning was created)

Running 34 tests using 1 worker

(node:29956) Warning: The 'NO_COLOR' env is ignored due to the 'FORCE_COLOR' env being set.

(Use `node --trace-warnings ...` to show where the warning was created)

[1/34] tests\live\aligned-map-quiet-cards-20261010.spec.ts:24:3 › 메뉴 정렬·고정 거리 글자·화살표만 전환 375px
[2/34] tests\live\aligned-map-quiet-cards-20261010.spec.ts:45:3 › 일반 카드 무테·선택과 상태 테두리·잠금 재클릭 375px
[3/34] tests\live\aligned-map-quiet-cards-20261010.spec.ts:66:3 › 밀린 지도 마커는 실제 좌표 방향으로 모서리와 선을 연결 375px
[4/34] tests\live\aligned-map-quiet-cards-20261010.spec.ts:24:3 › 메뉴 정렬·고정 거리 글자·화살표만 전환 1280px
[5/34] tests\live\aligned-map-quiet-cards-20261010.spec.ts:45:3 › 일반 카드 무테·선택과 상태 테두리·잠금 재클릭 1280px
[6/34] tests\live\aligned-map-quiet-cards-20261010.spec.ts:66:3 › 밀린 지도 마커는 실제 좌표 방향으로 모서리와 선을 연결 1280px
[7/34] tests\live\compact-edge-unlock-add-20261010.spec.ts:12:3 › 먼 일정 거리 숨김·좁은 마커·조작 후 복귀 375px
[8/34] tests\live\compact-edge-unlock-add-20261010.spec.ts:35:3 › 전체 잠금 해제는 목록 맨 위·한 요청·스크롤에 사라짐 375px
[9/34] tests\live\compact-edge-unlock-add-20261010.spec.ts:49:3 › 이름 있는 추가 단추는 일정 사이 왼쪽·취소 복귀 375px
[10/34] tests\live\compact-edge-unlock-add-20261010.spec.ts:12:3 › 먼 일정 거리 숨김·좁은 마커·조작 후 복귀 1280px
[11/34] tests\live\compact-edge-unlock-add-20261010.spec.ts:35:3 › 전체 잠금 해제는 목록 맨 위·한 요청·스크롤에 사라짐 1280px
[12/34] tests\live\compact-edge-unlock-add-20261010.spec.ts:49:3 › 이름 있는 추가 단추는 일정 사이 왼쪽·취소 복귀 1280px
[13/34] tests\live\focused-times-lock-20261010.spec.ts:19:3 › 접힌 카드 종류 아이콘·상세 잠금·키보드 초점 375px
[14/34] tests\live\focused-times-lock-20261010.spec.ts:48:3 › 선택한 일정·이동만 시각 두 줄·애니메이션 375px
[15/34] tests\live\focused-times-lock-20261010.spec.ts:19:3 › 접힌 카드 종류 아이콘·상세 잠금·키보드 초점 1280px
[16/34] tests\live\focused-times-lock-20261010.spec.ts:48:3 › 선택한 일정·이동만 시각 두 줄·애니메이션 1280px
[17/34] tests\live\focused-times-lock-20261010.spec.ts:87:1 › 잠금은 시작·출발 드래그와 내용 변경을 막고 이웃 일정은 고정 경계까지만 움직인다
[18/34] tests\live\focused-times-lock-20261010.spec.ts:114:1 › 시간 변경 후 잠그면 되돌리기를 먼저 막고 요청을 보내지 않는다
[19/34] tests\live\focused-times-lock-20261010.spec.ts:127:1 › 재확인 상태인 잠근 일정도 상세에서 잠금 해제할 수 있다
[20/34] tests\live\guardian-card.spec.ts:180:1 › 영어 화면에서도 아이콘 이름 · 되돌리기 줄이 영어로 나온다
[21/34] tests\live\quiet-lock-map-width-20261010.spec.ts:15:2 › 거리 버튼은 두 방향 모두 메뉴 폭·기존 높이 375px
[22/34] tests\live\quiet-lock-map-width-20261010.spec.ts:33:2 › 잠금은 아이콘만 채우고 도움말 없이 다시 누르면 해제 375px
[23/34] tests\live\quiet-lock-map-width-20261010.spec.ts:51:2 › 전체 자동 추천은 목록과 함께 사라지고 최상단에서 복귀 375px
[24/34] tests\live\quiet-lock-map-width-20261010.spec.ts:15:2 › 거리 버튼은 두 방향 모두 메뉴 폭·기존 높이 1280px
[25/34] tests\live\quiet-lock-map-width-20261010.spec.ts:33:2 › 잠금은 아이콘만 채우고 도움말 없이 다시 누르면 해제 1280px
[26/34] tests\live\quiet-lock-map-width-20261010.spec.ts:51:2 › 전체 자동 추천은 목록과 함께 사라지고 최상단에서 복귀 1280px
[27/34] tests\live\reading-hold.spec.ts:34:1 › 질문이 붙은 계획을 보내면 읽는 화면이 질문과 함께 그대로 있다가 확인 화면으로 한 번만 간다(확인 화면에서 읽는 화면으로 되끌려 오지 않는다)
  1) tests\live\reading-hold.spec.ts:34:1 › 질문이 붙은 계획을 보내면 읽는 화면이 질문과 함께 그대로 있다가 확인 화면으로 한 번만 간다(확인 화면에서 읽는 화면으로 되끌려 오지 않는다) 

    Error: expect(received).toContain(expected) // indexOf

    Expected substring: "확인 화면(done)"
    Received string:    "7459ms 확인 화면(-)"

      45 |   expect(log[0]).toContain("읽는 화면");                                                                // 처음은 읽는 화면(질문이 있다)
      46 |   expect(backToReading(log)).toBe(0);                                                                  // 확인 화면이 한 번 뜬 뒤에는 읽는 화면으로 돌아가지 않는다
    > 47 |   expect(log.at(-1)).toContain("확인 화면(done)");
         |                      ^
      48 | });
      49 |
      50 | test("이미 읽은 계획을 뒤로 · 앞으로로 다시 열면 읽는 화면이 5초 뜨지 않고 곧장 확인 화면이며, 한 번 열린 뒤에는 다시 읽는 화면이 되지 않는다", async ({ page }) => {
        at WORKSPACE\.tmp\full-release-20261008\release\final_project_cs\frontend\apps\web\tests\live\reading-hold.spec.ts:47:22

    attachment #1: screenshot (image/png) ──────────────────────────────────────────────────────────
    ..\..\..\..\..\..\uiux-handoff-20261009-2300\frontend-check\final-integrated-20261010\screens34-results\reading-hold-질문이-붙은-계획을-보내-97c2a-확인-화면에서-읽는-화면으로-되끌려-오지-않는다-\test-failed-1.png
    ────────────────────────────────────────────────────────────────────────────────────────────────

    Error Context: ..\..\..\..\..\..\uiux-handoff-20261009-2300\frontend-check\final-integrated-20261010\screens34-results\reading-hold-질문이-붙은-계획을-보내-97c2a-확인-화면에서-읽는-화면으로-되끌려-오지-않는다-\error-context.md

    attachment #3: trace (application/zip) ─────────────────────────────────────────────────────────
    ..\..\..\..\..\..\uiux-handoff-20261009-2300\frontend-check\final-integrated-20261010\screens34-results\reading-hold-질문이-붙은-계획을-보내-97c2a-확인-화면에서-읽는-화면으로-되끌려-오지-않는다-\trace.zip
    Usage:

        npx playwright show-trace ..\..\..\..\..\..\uiux-handoff-20261009-2300\frontend-check\final-integrated-20261010\screens34-results\reading-hold-질문이-붙은-계획을-보내-97c2a-확인-화면에서-읽는-화면으로-되끌려-오지-않는다-\trace.zip

    ────────────────────────────────────────────────────────────────────────────────────────────────



(node:19020) Warning: The 'NO_COLOR' env is ignored due to the 'FORCE_COLOR' env being set.
(Use `node --trace-warnings ...` to show where the warning was created)

[28/34] tests\live\timeline-endpoints-20261009.spec.ts:15:3 › 출발 시각·큰 시작 시각·세로 지도 단추 375px
[29/34] tests\live\timeline-endpoints-20261009.spec.ts:33:3 › 추가 취소 후 바깥 화면 고정·마지막 카드 전체 표시 375px
[30/34] tests\live\timeline-endpoints-20261009.spec.ts:52:3 › 스크롤·드래그 중 제출 숨김과 유휴 복원 375px
[31/34] tests\live\timeline-endpoints-20261009.spec.ts:15:3 › 출발 시각·큰 시작 시각·세로 지도 단추 1280px
[32/34] tests\live\timeline-endpoints-20261009.spec.ts:33:3 › 추가 취소 후 바깥 화면 고정·마지막 카드 전체 표시 1280px
[33/34] tests\live\timeline-endpoints-20261009.spec.ts:52:3 › 스크롤·드래그 중 제출 숨김과 유휴 복원 1280px
[34/34] tests\live\timeline-endpoints-20261009.spec.ts:74:1 › 도착 시각이 없는 구간은 시각을 지어내지 않는다
  1 failed
    tests\live\reading-hold.spec.ts:34:1 › 질문이 붙은 계획을 보내면 읽는 화면이 질문과 함께 그대로 있다가 확인 화면으로 한 번만 간다(확인 화면에서 읽는 화면으로 되끌려 오지 않는다) 
  33 passed (2.6m)

