
[WebServer] (node:23364) Warning: The 'NO_COLOR' env is ignored due to the 'FORCE_COLOR' env being set.
[WebServer] (Use `node --trace-warnings ...` to show where the warning was created)
[WebServer] (node:29508) [DEP0190] DeprecationWarning: Passing args to a child process with shell option true can lead to security vulnerabilities, as the arguments are not escaped, only concatenated.

[WebServer] (Use `node --trace-deprecation ...` to show where the warning was created)
[WebServer] (node:11844) Warning: The 'NO_COLOR' env is ignored due to the 'FORCE_COLOR' env being set.

[WebServer] (Use `node --trace-warnings ...` to show where the warning was created)
[WebServer] (node:5100) Warning: The 'NO_COLOR' env is ignored due to the 'FORCE_COLOR' env being set.
[WebServer] (Use `node --trace-warnings ...` to show where the warning was created)


Running 45 tests using 1 worker


(node:26252) Warning: The 'NO_COLOR' env is ignored due to the 'FORCE_COLOR' env being set.
(Use `node --trace-warnings ...` to show where the warning was created)

[1/45] tests\live\day-strip-quiet.spec.ts:18:1 › 목록을 스크롤하면 일차 줄만 사라지고 멈춘 뒤 다시 나타나며 목록 위치는 유지된다
[2/45] tests\live\day-strip-quiet.spec.ts:35:1 › 지도를 누르고 움직이는 동안은 계속 숨고 손을 놓은 뒤 복귀한다
[3/45] tests\live\day-strip-quiet.spec.ts:48:1 › 일차 버튼 조작은 숨기지 않고 숨은 중에도 Tab을 누르면 다시 접근할 수 있다
[4/45] tests\live\day-strip-quiet.spec.ts:69:1 › 동작 줄이기 설정에서도 숨김·복귀가 되며 위치 이동 효과는 없다
[5/45] tests\live\edge-order-date-add-ideas-20261010.spec.ts:20:3 › 좌우 순서·검정 번호·조작 중 거리 숨김 375px
[6/45] tests\live\edge-order-date-add-ideas-20261010.spec.ts:62:3 › 하루 일정도 날짜 표시·스크롤 중 숨김·정지 후 복귀·미선택 안내 375px
[7/45] tests\live\edge-order-date-add-ideas-20261010.spec.ts:99:3 › 확인할 내용이 없으면 되돌릴 수 있는 변경 내용을 안내 375px
[8/45] tests\live\edge-order-date-add-ideas-20261010.spec.ts:20:3 › 좌우 순서·검정 번호·조작 중 거리 숨김 1280px
[9/45] tests\live\edge-order-date-add-ideas-20261010.spec.ts:62:3 › 하루 일정도 날짜 표시·스크롤 중 숨김·정지 후 복귀·미선택 안내 1280px
[10/45] tests\live\edge-order-date-add-ideas-20261010.spec.ts:99:3 › 확인할 내용이 없으면 되돌릴 수 있는 변경 내용을 안내 1280px
[11/45] tests\live\empty-map-notice-20261010.spec.ts:30:3 › 좌표0개 안내가 메뉴·도구·목록에 가리지 않고 좌표 복원 시 해제 375px
[12/45] tests\live\empty-map-notice-20261010.spec.ts:30:3 › 좌표0개 안내가 메뉴·도구·목록에 가리지 않고 좌표 복원 시 해제 1280px
[13/45] tests\live\in-map-pins-fade-20261010.spec.ts:45:3 › 지도 안 밀집 마커는 개별 표시·점선 연결·밖으로 나갈 때만 칩 375px
[14/45] tests\live\in-map-pins-fade-20261010.spec.ts:82:3 › 상단 내용 페이드와 날짜·손잡이·최소 접힘 유지 375px
[15/45] tests\live\in-map-pins-fade-20261010.spec.ts:45:3 › 지도 안 밀집 마커는 개별 표시·점선 연결·밖으로 나갈 때만 칩 1280px
[16/45] tests\live\in-map-pins-fade-20261010.spec.ts:82:3 › 상단 내용 페이드와 날짜·손잡이·최소 접힘 유지 1280px
[17/45] tests\live\plan-check-screen.spec.ts:79:1 › 메뉴의 「애니메이션 건너뛰기」를 켜면 읽는 중에서 결과로 넘어갈 때 다시 그리지 않고 서버 결과를 바로 보인다
[18/45] tests\live\plan-check-screen.spec.ts:89:1 › 시스템의 「동작 줄이기」가 켜져 있어도 단계별 재생은 그대로 보인다 — 읽는 화면이 먼저 나오고 결과는 한참 뒤에야 뜬다
[19/45] tests\live\plan-check-screen.spec.ts:100:1 › 읽는 중 화면의 뒤로 화살표는 계획 입력 화면으로 돌아간다
[20/45] tests\live\plan-check-screen.spec.ts:110:1 › PC 기기 틀·375px·320px에서 읽는 중 화면이 가로로 넘치지 않는다(긴 원문 줄이 있어도)
[21/45] tests\live\plan-check-screen.spec.ts:129:1 › PC 기기 틀·375px·320px에서 결과 화면과 바꾸기 화면이 가로로 넘치지 않는다
[22/45] tests\live\plan-check-screen.spec.ts:148:1 › 결과: 카드는 하나씩 펼쳐지고, 카드를 고르면 지도의 그 핀이 선택되며, 핀을 누르면 그 카드가 펼쳐진다
[23/45] tests\live\plan-check-screen.spec.ts:163:1 › 결과: 일차 칩을 누르면 목록과 지도가 그 날로 바뀐다
[24/45] tests\live\plan-check-screen.spec.ts:179:1 › 이틀 이상이면 날짜 칩 줄이 목록 위에 있고, 하루씩 보이며, 확인 필요가 있는 날 칩에 표시가 붙는다
[25/45] tests\live\plan-check-screen.spec.ts:195:1 › 하루씩 볼 때 날의 끝에는 「다음」 단추 없이 옆으로 밀면 다음 날이라는 안내만 있고, 맨 아래는 권장 수정안 안내다
[26/45] tests\live\plan-check-screen.spec.ts:210:3 › 좌우로 쓸어 날짜 넘기기 › 왼쪽으로 쓸면 다음 날, 오른쪽으로 쓸면 이전 날이 되고, 거의 세로인 움직임은 목록 스크롤이라 넘기지 않는다
[27/45] tests\live\plan-check-screen.spec.ts:235:1 › 하루 계획도 멈춰 있을 때 날짜 칩 줄을 표시한다
[28/45] tests\live\plan-check-screen.spec.ts:240:1 › 결과: 손잡이는 시트를 높게·낮게·중간으로 돌린다
[29/45] tests\live\plan-check-screen.spec.ts:253:1 › 결과: 목록 높이는 손잡이를 잡고 끌면 원하는 높이로 맞춰지고, 위·아래 화살표로도 바뀌며, 누르면 다시 눈금으로 돌아간다
[30/45] tests\live\plan-check-screen.spec.ts:276:1 › 결과: 이동 줄을 누르면 경로·수단·도착 검사가 펼쳐진다
[31/45] tests\live\plan-check-screen.spec.ts:286:1 › 결과: 좌표 없는 장소는 핀을 만들지 않고 확인 필요 안내를 우선하며 나머지 번호를 유지한다
[32/45] tests\live\plan-check-screen.spec.ts:297:1 › 핀을 누르면 선택한 이름·종류가 나오고 다시 누르면 확인 필요 안내로 돌아온다
[33/45] tests\live\plan-check-screen.spec.ts:323:1 › 오류 알림은 저절로 사라지지 않고 남아 있다가 ✕ 나 옆으로 밀면 닫힌다(빨간 줄) — 다른 알림은 지금처럼 몇 초 뒤 사라진다
[34/45] tests\live\plan-check-screen.spec.ts:341:1 › 카드의 수정 · 삭제는 카드를 가리키거나(마우스) 펼쳤을 때만 보이고, 「확인 필요」 표시는 유지하고 잠금은 상세에서만 보인다
[35/45] tests\live\plan-check-screen.spec.ts:353:1 › 카드의 「자동 추천」은 시간이 맞는 첫 후보로 바꾸고, 바꾼 장소를 좌표째 서버로 보낸다
[36/45] tests\live\plan-check-screen.spec.ts:364:1 › 삭제 예정 카드(회색 + 되돌리기)도 320px에서 화면 안에 있고 가로로 넘치지 않는다
[37/45] tests\live\plan-check-screen.spec.ts:376:1 › 수정 화면: 지금 일정과 후보 A·B를 넘기면 지도의 핀이 따라가고, 핀을 누르면 그 카드로 간다
[38/45] tests\live\plan-check-screen.spec.ts:398:1 › 수정 화면의 「직접 고치기」: 끝이 시작보다 빠르거나 장소가 비면 보내지 않고, 「바꾸기 그만두기」는 수정 단추로 돌아간다
[39/45] tests\live\plan-check-screen.spec.ts:418:1 › 수정 화면: 장소 검색은 로고 자리(머리줄)에 작게 들어 있고, 눌러서 쓰는 동안 넓어진다 — 따로 막대를 차지하지 않는다
[40/45] tests\live\plan-check-screen.spec.ts:435:1 › 「장소 없음」을 저장하면 place.none을 보내고 변경 완료 카드와 확인 필요 우선 안내를 유지한다
[41/45] tests\live\plan-check-screen.spec.ts:450:1 › 지도는 기본 접힘 상태이고 눈금은 남으며 펼친 단추는 둥근 모양이다
[42/45] tests\live\sheet-handle-only-20261010.spec.ts:42:3 › 끝까지 드래그하면 손잡이만 남고 다시 올리면 복원 375px
[43/45] tests\live\sheet-handle-only-20261010.spec.ts:63:3 › 클릭 최소 단계·키보드 하한·복귀가 같은 상태 375px
[44/45] tests\live\sheet-handle-only-20261010.spec.ts:42:3 › 끝까지 드래그하면 손잡이만 남고 다시 올리면 복원 1280px
[45/45] tests\live\sheet-handle-only-20261010.spec.ts:63:3 › 클릭 최소 단계·키보드 하한·복귀가 같은 상태 1280px
  45 passed (3.7m)

