
> @tripilot/web@0.1.0 build
> next build --webpack

▲ Next.js 16.3.5 (webpack)
✓ Running next.config.ts took 49ms

  Creating an optimized production build ...
✓ Compiled successfully in 7.7s
  Running TypeScript ...
  Finished TypeScript in 6.8s ...
  Collecting page data using 7 workers ...
  Generating static pages using 7 workers (0/11) ...
  Generating static pages using 7 workers (2/11) 
  Generating static pages using 7 workers (5/11) 
  Generating static pages using 7 workers (8/11) 
✓ Generating static pages using 7 workers (11/11) in 477ms
  Finalizing page optimization ...
  Collecting build traces ...

Route (app)
┌ ○ /
├ ○ /_not-found
├ ○ /auth/done
├ ƒ /intakes/[intakeId]
├ ○ /intakes/starting
├ ○ /mypage
├ ○ /mypage/edit
├ ƒ /start
├ ○ /support
├ ○ /trips
├ ƒ /trips/[tripId]
├ ƒ /trips/[tripId]/results
├ ƒ /trips/[tripId]/verification
└ ○ /trips/new


○  (Static)   prerendered as static content
ƒ  (Dynamic)  server-rendered on demand


