
[WebServer] (node:28748) Warning: The 'NO_COLOR' env is ignored due to the 'FORCE_COLOR' env being set.
[WebServer] (Use `node --trace-warnings ...` to show where the warning was created)
[WebServer] (node:17028) [DEP0190] DeprecationWarning: Passing args to a child process with shell option true can lead to security vulnerabilities, as the arguments are not escaped, only concatenated.

[WebServer] (Use `node --trace-deprecation ...` to show where the warning was created)

[WebServer] (node:2100) Warning: The 'NO_COLOR' env is ignored due to the 'FORCE_COLOR' env being set.
[WebServer] (Use `node --trace-warnings ...` to show where the warning was created)
[WebServer] (node:23200) Warning: The 'NO_COLOR' env is ignored due to the 'FORCE_COLOR' env being set.
[WebServer] (Use `node --trace-warnings ...` to show where the warning was created)


Running 16 tests using 1 worker


(node:23636) Warning: The 'NO_COLOR' env is ignored due to the 'FORCE_COLOR' env being set.
(Use `node --trace-warnings ...` to show where the warning was created)

[1/16] tests\live\day-strip-quiet.spec.ts:18:1 › 목록을 스크롤하면 일차 줄만 사라지고 멈춘 뒤 다시 나타나며 목록 위치는 유지된다
[2/16] tests\live\day-strip-quiet.spec.ts:35:1 › 지도를 누르고 움직이는 동안은 계속 숨고 손을 놓은 뒤 복귀한다
[3/16] tests\live\day-strip-quiet.spec.ts:48:1 › 일차 버튼 조작은 숨기지 않고 숨은 중에도 Tab을 누르면 다시 접근할 수 있다
[4/16] tests\live\day-strip-quiet.spec.ts:69:1 › 동작 줄이기 설정에서도 숨김·복귀가 되며 위치 이동 효과는 없다
[5/16] tests\live\empty-map-notice-20261010.spec.ts:30:3 › 좌표0개 안내가 메뉴·도구·목록에 가리지 않고 좌표 복원 시 해제 375px
[6/16] tests\live\empty-map-notice-20261010.spec.ts:30:3 › 좌표0개 안내가 메뉴·도구·목록에 가리지 않고 좌표 복원 시 해제 1280px
[7/16] tests\live\plan-check-screen.spec.ts:89:1 › 시스템의 「동작 줄이기」가 켜져 있어도 단계별 재생은 그대로 보인다 — 읽는 화면이 먼저 나오고 결과는 한참 뒤에야 뜬다
[8/16] tests\live\plan-check-screen.spec.ts:163:1 › 결과: 일차 칩을 누르면 목록과 지도가 그 날로 바뀐다
[9/16] tests\live\plan-check-screen.spec.ts:240:1 › 결과: 손잡이는 시트를 높게·낮게·중간으로 돌린다
[10/16] tests\live\plan-check-screen.spec.ts:253:1 › 결과: 목록 높이는 손잡이를 잡고 끌면 원하는 높이로 맞춰지고, 위·아래 화살표로도 바뀌며, 누르면 다시 눈금으로 돌아간다
[11/16] tests\live\sheet-handle-only-20261010.spec.ts:42:3 › 끝까지 드래그하면 손잡이만 남고 다시 올리면 복원 375px
[12/16] tests\live\sheet-handle-only-20261010.spec.ts:63:3 › 클릭 최소 단계·키보드 하한·복귀가 같은 상태 375px
[13/16] tests\live\sheet-handle-only-20261010.spec.ts:42:3 › 끝까지 드래그하면 손잡이만 남고 다시 올리면 복원 1280px
[14/16] tests\live\sheet-handle-only-20261010.spec.ts:63:3 › 클릭 최소 단계·키보드 하한·복귀가 같은 상태 1280px
[15/16] tests\live\timeline-endpoints-20261009.spec.ts:52:3 › 스크롤·드래그 중 제출 숨김과 유휴 복원 375px
[16/16] tests\live\timeline-endpoints-20261009.spec.ts:52:3 › 스크롤·드래그 중 제출 숨김과 유휴 복원 1280px
  16 passed (1.7m)

