
[WebServer] (node:5848) Warning: The 'NO_COLOR' env is ignored due to the 'FORCE_COLOR' env being set.
[WebServer] (Use `node --trace-warnings ...` to show where the warning was created)

[WebServer] (node:30040) [DEP0190] DeprecationWarning: Passing args to a child process with shell option true can lead to security vulnerabilities, as the arguments are not escaped, only concatenated.
[WebServer] (Use `node --trace-deprecation ...` to show where the warning was created)
[WebServer] (node:23996) Warning: The 'NO_COLOR' env is ignored due to the 'FORCE_COLOR' env being set.

[WebServer] (Use `node --trace-warnings ...` to show where the warning was created)
[WebServer] (node:29552) Warning: The 'NO_COLOR' env is ignored due to the 'FORCE_COLOR' env being set.

[WebServer] (Use `node --trace-warnings ...` to show where the warning was created)

Running 17 tests using 1 worker

(node:20828) Warning: The 'NO_COLOR' env is ignored due to the 'FORCE_COLOR' env being set.

(Use `node --trace-warnings ...` to show where the warning was created)

[1/17] tests\live\add-header-map-20261009.spec.ts:27:3 › 상단 검색·선택·뒤로가기와 지도 단추 375px
[2/17] tests\live\add-header-map-20261009.spec.ts:27:3 › 상단 검색·선택·뒤로가기와 지도 단추 1280px
[3/17] tests\live\add-header-map-20261009.spec.ts:69:1 › 빈 배경의 오른쪽 스와이프만 추가를 취소하고 일차 전환 모션을 사용한다
[4/17] tests\live\add-header-map-20261009.spec.ts:95:1 › 저장 중에는 뒤로가기·스와이프가 요청과 입력을 취소하지 않는다
[5/17] tests\live\compact-map-account-20261009.spec.ts:165:1 › 일정을 펼쳐 스크롤해도 왼쪽 시각은 해당 일정이 끝날 때까지 따라온다
[6/17] tests\live\flow.spec.ts:372:1 › 결과 화면의 「직접 고치기」: 서버가 장소를 못 찾으면(422) 서버 문장을 보이고 입력을 그대로 두며, 그만두면 수정 단추로 돌아간다
[7/17] tests\live\forms-time-follow-20261010.spec.ts:24:3 › 시각은 펼침·검토·되돌리기 상태에만 따라온다 375px
[8/17] tests\live\forms-time-follow-20261010.spec.ts:54:3 › 직접 수정은 장소 입력 중복 없이 원래 장소와 거절된 초안을 유지한다 375px
[9/17] tests\live\forms-time-follow-20261010.spec.ts:79:3 › 일정 추가는 입력부터 열고 검색·지우기·선택 후에도 초안을 보존한다 375px
[10/17] tests\live\forms-time-follow-20261010.spec.ts:110:3 › 추가 입력 검증과 검색 초점·실제 선택 장소 저장 375px
[11/17] tests\live\forms-time-follow-20261010.spec.ts:24:3 › 시각은 펼침·검토·되돌리기 상태에만 따라온다 1280px
[12/17] tests\live\forms-time-follow-20261010.spec.ts:54:3 › 직접 수정은 장소 입력 중복 없이 원래 장소와 거절된 초안을 유지한다 1280px
[13/17] tests\live\forms-time-follow-20261010.spec.ts:79:3 › 일정 추가는 입력부터 열고 검색·지우기·선택 후에도 초안을 보존한다 1280px
[14/17] tests\live\forms-time-follow-20261010.spec.ts:110:3 › 추가 입력 검증과 검색 초점·실제 선택 장소 저장 1280px
[15/17] tests\live\plan-check-screen.spec.ts:398:1 › 수정 화면의 「직접 고치기」: 끝이 시작보다 빠르거나 이름이 비면 보내지 않고, 「바꾸기 그만두기」는 수정 단추로 돌아간다
[16/17] tests\live\plan-check-screen.spec.ts:419:1 › 수정 화면: 장소 검색은 로고 자리(머리줄)에 작게 들어 있고, 눌러서 쓰는 동안 넓어진다 — 따로 막대를 차지하지 않는다
[17/17] tests\live\plan-check-screen.spec.ts:436:1 › 「장소 없음」을 저장하면 place.none을 보내고 변경 완료 카드와 확인 필요 우선 안내를 유지한다
  17 passed (1.5m)

