
[WebServer] (node:15600) Warning: The 'NO_COLOR' env is ignored due to the 'FORCE_COLOR' env being set.
[WebServer] (Use `node --trace-warnings ...` to show where the warning was created)

[WebServer] (node:18700) [DEP0190] DeprecationWarning: Passing args to a child process with shell option true can lead to security vulnerabilities, as the arguments are not escaped, only concatenated.
[WebServer] (Use `node --trace-deprecation ...` to show where the warning was created)
[WebServer] (node:22416) Warning: The 'NO_COLOR' env is ignored due to the 'FORCE_COLOR' env being set.

[WebServer] (Use `node --trace-warnings ...` to show where the warning was created)
[WebServer] (node:23916) Warning: The 'NO_COLOR' env is ignored due to the 'FORCE_COLOR' env being set.
[WebServer] (Use `node --trace-warnings ...` to show where the warning was created)


Running 6 tests using 1 worker


(node:29756) Warning: The 'NO_COLOR' env is ignored due to the 'FORCE_COLOR' env being set.
(Use `node --trace-warnings ...` to show where the warning was created)

[1/6] tests\live\aligned-map-quiet-cards-20261010.spec.ts:32:3 › 메뉴 정렬·고정 거리 글자·화살표만 전환 375px
[2/6] tests\live\aligned-map-quiet-cards-20261010.spec.ts:32:3 › 메뉴 정렬·고정 거리 글자·화살표만 전환 1280px
  1) tests\live\aligned-map-quiet-cards-20261010.spec.ts:32:3 › 메뉴 정렬·고정 거리 글자·화살표만 전환 1280px ──────

    Test timeout of 45000ms exceeded.

    Error: locator.click: Test timeout of 45000ms exceeded.
    Call log:
      - waiting for getByRole('button', { name: '닫기', exact: true })
        - locator resolved to <button type="button" aria-label="닫기" class="toast-view_close__vTQwF">…</button>
      - attempting click action
        2 × waiting for element to be visible, enabled and stable
          - element is not stable
        - retrying click action
        - waiting 20ms
        - waiting for element to be visible, enabled and stable
        - element is not stable
      - retrying click action
        - waiting 100ms
        - waiting for element to be visible, enabled and stable
      - element was detached from the DOM, retrying


       8 | test.beforeEach(async({request})=>{await mockServer(request).reset();});
       9 | async function prepare(page:Page) {
    > 10 |   const close=page.getByRole('button',{name:'닫기',exact:true});if(await close.isVisible())await close.click();
         |                                                                                                      ^
      11 |   await page.mouse.move(0,0);
      12 | }
      13 | async function capture(page:Page,name:string) {
        at prepare (WORKSPACE\.tmp\full-release-20261008\release\final_project_cs\frontend\apps\web\tests\live\aligned-map-quiet-cards-20261010.spec.ts:10:102)
        at WORKSPACE\.tmp\full-release-20261008\release\final_project_cs\frontend\apps\web\tests\live\aligned-map-quiet-cards-20261010.spec.ts:35:101

    attachment #1: screenshot (image/png) ──────────────────────────────────────────────────────────
    ..\..\..\..\..\..\uiux-handoff-20261009-2300\frontend-check\add-search-focus-final-20261010\screens6-results\aligned-map-quiet-cards-20-2b7de--정렬·고정-거리-글자·화살표만-전환-1280px\test-failed-1.png
    ────────────────────────────────────────────────────────────────────────────────────────────────

    Error Context: ..\..\..\..\..\..\uiux-handoff-20261009-2300\frontend-check\add-search-focus-final-20261010\screens6-results\aligned-map-quiet-cards-20-2b7de--정렬·고정-거리-글자·화살표만-전환-1280px\error-context.md

    attachment #3: trace (application/zip) ─────────────────────────────────────────────────────────
    ..\..\..\..\..\..\uiux-handoff-20261009-2300\frontend-check\add-search-focus-final-20261010\screens6-results\aligned-map-quiet-cards-20-2b7de--정렬·고정-거리-글자·화살표만-전환-1280px\trace.zip
    Usage:

        npx playwright show-trace ..\..\..\..\..\..\uiux-handoff-20261009-2300\frontend-check\add-search-focus-final-20261010\screens6-results\aligned-map-quiet-cards-20-2b7de--정렬·고정-거리-글자·화살표만-전환-1280px\trace.zip

    ────────────────────────────────────────────────────────────────────────────────────────────────



(node:20360) Warning: The 'NO_COLOR' env is ignored due to the 'FORCE_COLOR' env being set.
(Use `node --trace-warnings ...` to show where the warning was created)

[3/6] tests\live\forms-time-follow-20261010.spec.ts:79:3 › 일정 추가는 검색 초점으로 열고 검색·지우기·선택 후에도 초안을 보존한다 375px
[4/6] tests\live\forms-time-follow-20261010.spec.ts:126:3 › 추가 입력 검증과 검색 초점·실제 선택 장소 저장 375px
[5/6] tests\live\forms-time-follow-20261010.spec.ts:79:3 › 일정 추가는 검색 초점으로 열고 검색·지우기·선택 후에도 초안을 보존한다 1280px
[6/6] tests\live\forms-time-follow-20261010.spec.ts:126:3 › 추가 입력 검증과 검색 초점·실제 선택 장소 저장 1280px
  1 failed
    tests\live\aligned-map-quiet-cards-20261010.spec.ts:32:3 › 메뉴 정렬·고정 거리 글자·화살표만 전환 1280px ───────
  5 passed (1.5m)
