
[WebServer] (node:22724) Warning: The 'NO_COLOR' env is ignored due to the 'FORCE_COLOR' env being set.
[WebServer] (Use `node --trace-warnings ...` to show where the warning was created)
[WebServer] (node:7372) [DEP0190] DeprecationWarning: Passing args to a child process with shell option true can lead to security vulnerabilities, as the arguments are not escaped, only concatenated.

[WebServer] (Use `node --trace-deprecation ...` to show where the warning was created)
[WebServer] (node:24860) Warning: The 'NO_COLOR' env is ignored due to the 'FORCE_COLOR' env being set.

[WebServer] (Use `node --trace-warnings ...` to show where the warning was created)

[WebServer] (node:2008) Warning: The 'NO_COLOR' env is ignored due to the 'FORCE_COLOR' env being set.
[WebServer] (Use `node --trace-warnings ...` to show where the warning was created)

Running 16 tests using 1 worker

(node:26688) Warning: The 'NO_COLOR' env is ignored due to the 'FORCE_COLOR' env being set.

(Use `node --trace-warnings ...` to show where the warning was created)

[1/16] tests\live\forms-time-follow-20261010.spec.ts:24:3 › 시각은 펼침·검토·되돌리기 상태에만 따라온다 375px
[2/16] tests\live\forms-time-follow-20261010.spec.ts:54:3 › 직접 수정은 장소 입력 중복 없이 원래 장소와 거절된 초안을 유지한다 375px
[3/16] tests\live\forms-time-follow-20261010.spec.ts:79:3 › 일정 추가는 검색 초점으로 열고 검색·지우기·선택 후에도 초안을 보존한다 375px
[4/16] tests\live\forms-time-follow-20261010.spec.ts:126:3 › 추가 입력 검증과 검색 초점·실제 선택 장소 저장 375px
[5/16] tests\live\forms-time-follow-20261010.spec.ts:24:3 › 시각은 펼침·검토·되돌리기 상태에만 따라온다 1280px
[6/16] tests\live\forms-time-follow-20261010.spec.ts:54:3 › 직접 수정은 장소 입력 중복 없이 원래 장소와 거절된 초안을 유지한다 1280px
[7/16] tests\live\forms-time-follow-20261010.spec.ts:79:3 › 일정 추가는 검색 초점으로 열고 검색·지우기·선택 후에도 초안을 보존한다 1280px
[8/16] tests\live\forms-time-follow-20261010.spec.ts:126:3 › 추가 입력 검증과 검색 초점·실제 선택 장소 저장 1280px
[9/16] tests\live\in-map-pins-fade-20261010.spec.ts:45:3 › 지도 안 밀집 마커는 개별 표시·점선 연결·밖으로 나갈 때만 칩 375px
[10/16] tests\live\in-map-pins-fade-20261010.spec.ts:82:3 › 상단 내용 페이드와 날짜·손잡이·최소 접힘 유지 375px
[11/16] tests\live\in-map-pins-fade-20261010.spec.ts:45:3 › 지도 안 밀집 마커는 개별 표시·점선 연결·밖으로 나갈 때만 칩 1280px
[12/16] tests\live\in-map-pins-fade-20261010.spec.ts:82:3 › 상단 내용 페이드와 날짜·손잡이·최소 접힘 유지 1280px
[13/16] tests\live\map-direct-pick-20261011.spec.ts:22:3 › 검색에 없는 장소를 지도에서 지정하고 좌표 원값을 저장 375px
[14/16] tests\live\map-direct-pick-20261011.spec.ts:66:3 › 위치 지정 취소·중심 선택과 확장 도구 375px
[15/16] tests\live\map-direct-pick-20261011.spec.ts:22:3 › 검색에 없는 장소를 지도에서 지정하고 좌표 원값을 저장 1280px
[16/16] tests\live\map-direct-pick-20261011.spec.ts:66:3 › 위치 지정 취소·중심 선택과 확장 도구 1280px
  16 passed (1.9m)
